D:/RM/bubing/new_frame/Src/stm32f4xx_it.c:90:6:NMI_Handler	0	static
D:/RM/bubing/new_frame/Src/stm32f4xx_it.c:105:6:HardFault_Handler	0	static
D:/RM/bubing/new_frame/Src/stm32f4xx_it.c:120:6:MemManage_Handler	0	static
D:/RM/bubing/new_frame/Src/stm32f4xx_it.c:135:6:BusFault_Handler	0	static
D:/RM/bubing/new_frame/Src/stm32f4xx_it.c:150:6:UsageFault_Handler	0	static
D:/RM/bubing/new_frame/Src/stm32f4xx_it.c:165:6:DebugMon_Handler	0	static
D:/RM/bubing/new_frame/Src/stm32f4xx_it.c:185:6:FLASH_IRQHandler	8	static
D:/RM/bubing/new_frame/Src/stm32f4xx_it.c:199:6:EXTI3_IRQHandler	8	static
D:/RM/bubing/new_frame/Src/stm32f4xx_it.c:213:6:EXTI4_IRQHandler	8	static
D:/RM/bubing/new_frame/Src/stm32f4xx_it.c:227:6:DMA1_Stream1_IRQHandler	8	static
D:/RM/bubing/new_frame/Src/stm32f4xx_it.c:241:6:DMA1_Stream2_IRQHandler	8	static
D:/RM/bubing/new_frame/Src/stm32f4xx_it.c:255:6:CAN1_RX0_IRQHandler	8	static
D:/RM/bubing/new_frame/Src/stm32f4xx_it.c:269:6:CAN1_RX1_IRQHandler	8	static
D:/RM/bubing/new_frame/Src/stm32f4xx_it.c:283:6:EXTI9_5_IRQHandler	8	static
D:/RM/bubing/new_frame/Src/stm32f4xx_it.c:297:6:I2C2_EV_IRQHandler	8	static
D:/RM/bubing/new_frame/Src/stm32f4xx_it.c:311:6:I2C2_ER_IRQHandler	8	static
D:/RM/bubing/new_frame/Src/stm32f4xx_it.c:325:6:SPI1_IRQHandler	8	static
D:/RM/bubing/new_frame/Src/stm32f4xx_it.c:339:6:SPI2_IRQHandler	8	static
D:/RM/bubing/new_frame/Src/stm32f4xx_it.c:353:6:USART1_IRQHandler	8	static
D:/RM/bubing/new_frame/Src/stm32f4xx_it.c:367:6:USART3_IRQHandler	8	static
D:/RM/bubing/new_frame/Src/stm32f4xx_it.c:381:6:TIM8_TRG_COM_TIM14_IRQHandler	8	static
D:/RM/bubing/new_frame/Src/stm32f4xx_it.c:396:6:DMA1_Stream7_IRQHandler	8	static
D:/RM/bubing/new_frame/Src/stm32f4xx_it.c:410:6:DMA2_Stream0_IRQHandler	8	static
D:/RM/bubing/new_frame/Src/stm32f4xx_it.c:424:6:DMA2_Stream2_IRQHandler	8	static
D:/RM/bubing/new_frame/Src/stm32f4xx_it.c:438:6:DMA2_Stream3_IRQHandler	8	static
D:/RM/bubing/new_frame/Src/stm32f4xx_it.c:452:6:CAN2_RX0_IRQHandler	8	static
D:/RM/bubing/new_frame/Src/stm32f4xx_it.c:466:6:CAN2_RX1_IRQHandler	8	static
D:/RM/bubing/new_frame/Src/stm32f4xx_it.c:480:6:OTG_FS_IRQHandler	8	static
D:/RM/bubing/new_frame/Src/stm32f4xx_it.c:494:6:DMA2_Stream5_IRQHandler	8	static
D:/RM/bubing/new_frame/Src/stm32f4xx_it.c:508:6:DMA2_Stream6_IRQHandler	8	static
D:/RM/bubing/new_frame/Src/stm32f4xx_it.c:522:6:DMA2_Stream7_IRQHandler	8	static
D:/RM/bubing/new_frame/Src/stm32f4xx_it.c:536:6:USART6_IRQHandler	8	static
D:/RM/bubing/new_frame/Src/stm32f4xx_it.c:550:6:I2C3_EV_IRQHandler	8	static
D:/RM/bubing/new_frame/Src/stm32f4xx_it.c:564:6:I2C3_ER_IRQHandler	8	static
