D:/RM/bubing/new_frame/Src/tim.c:351:6:HAL_TIM_Base_MspInit	32	static
D:/RM/bubing/new_frame/Src/tim.c:414:6:HAL_TIM_MspPostInit	64	static
D:/RM/bubing/new_frame/Src/tim.c:34:6:MX_TIM1_Init	96	static
D:/RM/bubing/new_frame/Src/tim.c:116:6:MX_TIM4_Init	64	static
D:/RM/bubing/new_frame/Src/tim.c:170:6:MX_TIM5_Init	64	static
D:/RM/bubing/new_frame/Src/tim.c:232:6:MX_TIM8_Init	96	static
D:/RM/bubing/new_frame/Src/tim.c:310:6:MX_TIM10_Init	40	static
D:/RM/bubing/new_frame/Src/tim.c:540:6:HAL_TIM_Base_MspDeInit	8	static
