D:/RM/bubing/new_frame/Src/usbd_conf.c:69:6:HAL_PCD_MspInit	48	static
D:/RM/bubing/new_frame/Src/usbd_conf.c:103:6:HAL_PCD_MspDeInit	8	static
D:/RM/bubing/new_frame/Src/usbd_conf.c:137:6:HAL_PCD_SetupStageCallback	8	static
D:/RM/bubing/new_frame/Src/usbd_conf.c:152:6:HAL_PCD_DataOutStageCallback	8	static
D:/RM/bubing/new_frame/Src/usbd_conf.c:167:6:HAL_PCD_DataInStageCallback	8	static
D:/RM/bubing/new_frame/Src/usbd_conf.c:181:6:HAL_PCD_SOFCallback	8	static
D:/RM/bubing/new_frame/Src/usbd_conf.c:195:6:HAL_PCD_ResetCallback	8	static
D:/RM/bubing/new_frame/Src/usbd_conf.c:228:6:HAL_PCD_SuspendCallback	8	static
D:/RM/bubing/new_frame/Src/usbd_conf.c:253:6:HAL_PCD_ResumeCallback	8	static
D:/RM/bubing/new_frame/Src/usbd_conf.c:271:6:HAL_PCD_ISOOUTIncompleteCallback	8	static
D:/RM/bubing/new_frame/Src/usbd_conf.c:286:6:HAL_PCD_ISOINIncompleteCallback	8	static
D:/RM/bubing/new_frame/Src/usbd_conf.c:300:6:HAL_PCD_ConnectCallback	8	static
D:/RM/bubing/new_frame/Src/usbd_conf.c:314:6:HAL_PCD_DisconnectCallback	8	static
D:/RM/bubing/new_frame/Src/usbd_conf.c:329:20:USBD_LL_Init	8	static
D:/RM/bubing/new_frame/Src/usbd_conf.c:523:9:USBD_LL_IsStallEP	0	static
D:/RM/bubing/new_frame/Src/usbd_conf.c:601:10:USBD_LL_GetRxDataSize	8	static
D:/RM/bubing/new_frame/Src/usbd_conf.c:627:7:USBD_static_malloc	0	static
D:/RM/bubing/new_frame/Src/usbd_conf.c:638:6:USBD_static_free	0	static
D:/RM/bubing/new_frame/Src/usbd_conf.c:648:6:USBD_LL_Delay	8	static
D:/RM/bubing/new_frame/Src/usbd_conf.c:658:20:USBD_Get_USB_Status	0	static
D:/RM/bubing/new_frame/Src/usbd_conf.c:379:20:USBD_LL_DeInit	8	static
D:/RM/bubing/new_frame/Src/usbd_conf.c:396:20:USBD_LL_Start	8	static
D:/RM/bubing/new_frame/Src/usbd_conf.c:413:20:USBD_LL_Stop	8	static
D:/RM/bubing/new_frame/Src/usbd_conf.c:433:20:USBD_LL_OpenEP	8	static
D:/RM/bubing/new_frame/Src/usbd_conf.c:451:20:USBD_LL_CloseEP	8	static
D:/RM/bubing/new_frame/Src/usbd_conf.c:469:20:USBD_LL_FlushEP	8	static
D:/RM/bubing/new_frame/Src/usbd_conf.c:487:20:USBD_LL_StallEP	8	static
D:/RM/bubing/new_frame/Src/usbd_conf.c:505:20:USBD_LL_ClearStallEP	8	static
D:/RM/bubing/new_frame/Src/usbd_conf.c:543:20:USBD_LL_SetUSBAddress	8	static
D:/RM/bubing/new_frame/Src/usbd_conf.c:563:20:USBD_LL_Transmit	8	static
D:/RM/bubing/new_frame/Src/usbd_conf.c:583:20:USBD_LL_PrepareReceive	8	static
