D:/RM/bubing/new_frame/modules/motor/DMmotor/dmmotor.c:16:17:float_to_uint	0	static
D:/RM/bubing/new_frame/modules/motor/DMmotor/dmmotor.c:22:14:uint_to_float	0	static
D:/RM/bubing/new_frame/modules/motor/DMmotor/dmmotor.c:69:13:DMMotorLostCallback	0	static
D:/RM/bubing/new_frame/modules/motor/DMmotor/dmmotor.c:36:13:DMMotorDecode	24	static
D:/RM/bubing/new_frame/modules/motor/DMmotor/dmmotor.c:29:13:DMMotorSetMode	8	static
D:/RM/bubing/new_frame/modules/motor/DMmotor/dmmotor.c:149:6:DMMotorTask	64	static
D:/RM/bubing/new_frame/modules/motor/DMmotor/dmmotor.c:81:6:DMMotorCaliEncoder	8	static
D:/RM/bubing/new_frame/modules/motor/DMmotor/dmmotor.c:128:6:DMMotorSetRef	0	static
D:/RM/bubing/new_frame/modules/motor/DMmotor/dmmotor.c:133:7:DMMotorEnable	0	static
D:/RM/bubing/new_frame/modules/motor/DMmotor/dmmotor.c:93:18:DMMotorInit	40	static
D:/RM/bubing/new_frame/modules/motor/DMmotor/dmmotor.c:138:6:DMMotorStop	0	static
D:/RM/bubing/new_frame/modules/motor/DMmotor/dmmotor.c:143:6:DMMotorOuterLoop	0	static
D:/RM/bubing/new_frame/modules/motor/DMmotor/dmmotor.c:244:6:DMMotorMITCtrl	56	static
D:/RM/bubing/new_frame/modules/motor/DMmotor/dmmotor.c:287:6:DMMotorTorqueCtrl	40	static
D:/RM/bubing/new_frame/modules/motor/DMmotor/dmmotor.c:327:6:DMMotorControlInit	0	static
