D:/RM/new_frame/application/cmd/robot_cmd.c:182:13:CalcOffsetAngle	0	static
D:/RM/new_frame/application/cmd/robot_cmd.c:208:13:RemoteControlSet	0	static
D:/RM/new_frame/application/cmd/robot_cmd.c:267:13:MouseKeySet	4	static
D:/RM/new_frame/application/cmd/robot_cmd.c:354:13:EmergencyHandler	16	static
D:/RM/new_frame/application/cmd/robot_cmd.c:52:8:mx_sin	16	static
D:/RM/new_frame/application/cmd/robot_cmd.c:66:8:my_sin	24	static
D:/RM/new_frame/application/cmd/robot_cmd.c:83:8:my_cos	24	static
D:/RM/new_frame/application/cmd/robot_cmd.c:105:6:RobotCMDInit	8	static
D:/RM/new_frame/application/cmd/robot_cmd.c:377:6:RobotCMDTask	8	static
