D:/RM/bubing/new_frame/modules/imu/ins_task.c:38:13:IMUPWMSet	0	static
D:/RM/bubing/new_frame/modules/imu/ins_task.c:54:13:InitQuaternion	64	static
D:/RM/bubing/new_frame/modules/imu/ins_task.c:236:13:IMU_Param_Correction	64	static
D:/RM/bubing/new_frame/modules/imu/ins_task.c:47:13:IMU_Temperature_Ctrl	8	static
D:/RM/bubing/new_frame/modules/imu/ins_task.c:80:13:INS_Init	88	static
D:/RM/bubing/new_frame/modules/imu/ins_task.c:192:6:BodyFrameToEarthFrame	0	static
D:/RM/bubing/new_frame/modules/imu/ins_task.c:213:6:EarthFrameToBodyFrame	0	static
D:/RM/bubing/new_frame/modules/imu/ins_task.c:119:6:INS_Task	40	static
D:/RM/bubing/new_frame/modules/imu/ins_task.c:305:6:QuaternionUpdate	0	static
D:/RM/bubing/new_frame/modules/imu/ins_task.c:324:6:QuaternionToEularAngle	32	static
D:/RM/bubing/new_frame/modules/imu/ins_task.c:334:6:EularAngleToQuaternion	32	static
