D:/RM/new_frame/bsp/dwt/bsp_dwt.c:28:13:DWT_CNT_Update	8	static
D:/RM/new_frame/bsp/dwt/bsp_dwt.c:43:6:DWT_Init	8	static
D:/RM/new_frame/bsp/dwt/bsp_dwt.c:62:7:DWT_GetDeltaT	24	static
D:/RM/new_frame/bsp/dwt/bsp_dwt.c:73:8:DWT_GetDeltaT64	32	static
D:/RM/new_frame/bsp/dwt/bsp_dwt.c:84:6:DWT_SysTimeUpdate	32	static
D:/RM/new_frame/bsp/dwt/bsp_dwt.c:100:7:DWT_GetTimeline_s	8	static
D:/RM/new_frame/bsp/dwt/bsp_dwt.c:109:7:DWT_GetTimeline_ms	8	static
D:/RM/new_frame/bsp/dwt/bsp_dwt.c:118:10:DWT_GetTimeline_us	8	static
D:/RM/new_frame/bsp/dwt/bsp_dwt.c:127:6:DWT_Delay	0	static
