D:/RM/bubing/new_frame/bsp/iic/bsp_iic.c:8:14:IICRegister	16	static
D:/RM/bubing/new_frame/bsp/iic/bsp_iic.c:28:6:IICSetMode	0	static
D:/RM/bubing/new_frame/bsp/iic/bsp_iic.c:36:6:IICTransmit	16	static
D:/RM/bubing/new_frame/bsp/iic/bsp_iic.c:69:6:IICReceive	16	static
D:/RM/bubing/new_frame/bsp/iic/bsp_iic.c:106:6:IICAccessMem	24	static
D:/RM/bubing/new_frame/bsp/iic/bsp_iic.c:129:6:HAL_I2C_MasterRxCpltCallback	8	static
D:/RM/bubing/new_frame/bsp/iic/bsp_iic.c:148:6:HAL_I2C_MemRxCpltCallback	8	static
