D:/file/RM/new_fram/working/working_second/modules/master_machine/seasky_protocol.c:24:16:CRC8_Check_Sum	16	static
D:/file/RM/new_fram/working/working_second/modules/master_machine/seasky_protocol.c:52:16:protocol_heade_Check	16	static
D:/file/RM/new_fram/working/working_second/modules/master_machine/seasky_protocol.c:40:17:CRC16_Check_Sum	16	static
D:/file/RM/new_fram/working/working_second/modules/master_machine/seasky_protocol.c:19:9:Get_CRC8_Check	8	static
D:/file/RM/new_fram/working/working_second/modules/master_machine/seasky_protocol.c:34:10:Get_CRC16_Check	8	static
D:/file/RM/new_fram/working/working_second/modules/master_machine/seasky_protocol.c:72:6:get_protocol_send_data	24	static
D:/file/RM/new_fram/working/working_second/modules/master_machine/seasky_protocol.c:114:10:get_protocol_info	16	static
