D:/RM/new_frame/modules/oled/oled.c:16:6:oled_write_byte	16	static
D:/RM/new_frame/modules/oled/oled.c:37:6:OLED_init	8	static
D:/RM/new_frame/modules/oled/oled.c:75:6:OLED_display_on	8	static
D:/RM/new_frame/modules/oled/oled.c:88:6:OLED_display_off	8	static
D:/RM/new_frame/modules/oled/oled.c:104:6:OLED_operate_gram	0	static
D:/RM/new_frame/modules/oled/oled.c:134:6:OLED_set_pos	8	static
D:/RM/new_frame/modules/oled/oled.c:151:6:OLED_draw_point	0	static
D:/RM/new_frame/modules/oled/oled.c:188:6:OLED_draw_line	40	static
D:/RM/new_frame/modules/oled/oled.c:236:6:OLED_show_char	32	static
D:/RM/new_frame/modules/oled/oled.c:274:6:OLED_show_string	24	static
D:/RM/new_frame/modules/oled/oled.c:301:6:OLED_printf	16	static
D:/RM/new_frame/modules/oled/oled.c:329:6:OLED_refresh_gram	16	static
D:/RM/new_frame/modules/oled/oled.c:350:6:OLED_LOGO	24	static
