D:/RM/new_frame/bsp/pwm/bsp_pwm.c:91:17:PWMSelectTclk	8	static
D:/RM/new_frame/bsp/pwm/bsp_pwm.c:14:6:HAL_TIM_PWM_PulseFinishedCallback	8	static
D:/RM/new_frame/bsp/pwm/bsp_pwm.c:51:6:PWMStart	8	static
D:/RM/new_frame/bsp/pwm/bsp_pwm.c:57:6:PWMStop	8	static
D:/RM/new_frame/bsp/pwm/bsp_pwm.c:68:6:PWMSetPeriod	0	static
D:/RM/new_frame/bsp/pwm/bsp_pwm.c:78:6:PWMSetDutyRatio	0	static
D:/RM/new_frame/bsp/pwm/bsp_pwm.c:27:14:PWMRegister	16	static
D:/RM/new_frame/bsp/pwm/bsp_pwm.c:84:6:PWMStartDMA	8	static
