D:/RM/bubing/new_frame/modules/algorithm/user_lib.c:26:7:zmalloc	16	static
D:/RM/bubing/new_frame/modules/algorithm/user_lib.c:34:7:Sqrt	0	static
D:/RM/bubing/new_frame/modules/algorithm/user_lib.c:61:7:abs_limit	0	static
D:/RM/bubing/new_frame/modules/algorithm/user_lib.c:75:7:sign	0	static
D:/RM/bubing/new_frame/modules/algorithm/user_lib.c:88:7:float_deadband	0	static
D:/RM/bubing/new_frame/modules/algorithm/user_lib.c:98:7:float_constrain	0	static
D:/RM/bubing/new_frame/modules/algorithm/user_lib.c:109:9:int16_constrain	0	static
D:/RM/bubing/new_frame/modules/algorithm/user_lib.c:120:7:loop_float_constrain	0	static
D:/RM/bubing/new_frame/modules/algorithm/user_lib.c:149:7:theta_format	8	static
D:/RM/bubing/new_frame/modules/algorithm/user_lib.c:154:5:float_rounding	0	static
D:/RM/bubing/new_frame/modules/algorithm/user_lib.c:166:8:Norm3d	24	static
D:/RM/bubing/new_frame/modules/algorithm/user_lib.c:176:7:NormOf3d	8	static
D:/RM/bubing/new_frame/modules/algorithm/user_lib.c:182:6:Cross3d	0	static
D:/RM/bubing/new_frame/modules/algorithm/user_lib.c:190:7:Dot3d	0	static
D:/RM/bubing/new_frame/modules/algorithm/user_lib.c:196:7:AverageFilter	0	static
D:/RM/bubing/new_frame/modules/algorithm/user_lib.c:209:6:MatInit	8	static
