D:/file/RM/new_fram/working/working_second/modules/motor/HTmotor/HT04.c:30:17:float_to_uint	0	static
D:/file/RM/new_fram/working/working_second/modules/motor/HTmotor/HT04.c:36:14:uint_to_float	0	static
D:/file/RM/new_fram/working/working_second/modules/motor/HTmotor/HT04.c:22:13:HTMotorSetMode	8	static
D:/file/RM/new_fram/working/working_second/modules/motor/HTmotor/HT04.c:70:13:HTMotorLostCallback	16	static
D:/file/RM/new_fram/working/working_second/modules/motor/HTmotor/HT04.c:48:13:HTMotorDecode	16	static
D:/file/RM/new_fram/working/working_second/modules/motor/HTmotor/HT04.c:146:32:HTMotorTask	8	static
D:/file/RM/new_fram/working/working_second/modules/motor/HTmotor/HT04.c:79:6:HTMotorCalibEncoder	32	static
D:/file/RM/new_fram/working/working_second/modules/motor/HTmotor/HT04.c:137:6:HTMotorSetRef	0	static
D:/file/RM/new_fram/working/working_second/modules/motor/HTmotor/HT04.c:206:6:HTMotorControlInit	56	static
D:/file/RM/new_fram/working/working_second/modules/motor/HTmotor/HT04.c:223:6:HTMotorStop	0	static
D:/file/RM/new_fram/working/working_second/modules/motor/HTmotor/HT04.c:228:6:HTMotorEnable	0	static
D:/file/RM/new_fram/working/working_second/modules/motor/HTmotor/HT04.c:105:18:HTMotorInit	40	static
D:/file/RM/new_fram/working/working_second/modules/motor/HTmotor/HT04.c:233:6:HTMotorOuterLoop	0	static
