D:/file/RM/new_fram/working/working_second/application/robot_task.h:57:32:StartINSTASK	16	static
D:/file/RM/new_fram/working/working_second/application/robot_task.h:76:32:StartMOTORTASK	16	static
D:/file/RM/new_fram/working/working_second/application/robot_task.h:92:32:StartDAEMONTASK	16	static
D:/file/RM/new_fram/working/working_second/application/robot_task.h:128:32:StartUITASK	16	static
D:/file/RM/new_fram/working/working_second/bsp/bsp_init.h:16:6:BSPInit	8	static
D:/file/RM/new_fram/working/working_second/application/robot_task.h:36:6:OSTaskInit	152	static
D:/file/RM/new_fram/working/working_second/application/robot.c:23:6:RobotInit	8	static,ignoring_inline_asm
D:/file/RM/new_fram/working/working_second/application/robot.c:48:6:RobotTask	8	static
D:/file/RM/new_fram/working/working_second/application/robot_task.h:111:32:StartROBOTTASK	16	static
