D:/RM/new_frame/Middlewares/Third_Party/SEGGER/RTT/SEGGER_RTT.c:524:17:_GetAvailWriteSpace	0	static
D:/RM/new_frame/Middlewares/Third_Party/SEGGER/RTT/SEGGER_RTT.c:434:13:_WriteNoCheck	32	static,ignoring_inline_asm
D:/RM/new_frame/Middlewares/Third_Party/SEGGER/RTT/SEGGER_RTT.c:372:17:_WriteBlocking	32	static,ignoring_inline_asm
D:/RM/new_frame/Middlewares/Third_Party/SEGGER/RTT/SEGGER_RTT.c:502:13:_PostTerminalSwitch	16	static
D:/RM/new_frame/Middlewares/Third_Party/SEGGER/RTT/SEGGER_RTT.c:312:13:_DoInit	8	static,ignoring_inline_asm
D:/RM/new_frame/Middlewares/Third_Party/SEGGER/RTT/SEGGER_RTT.c:571:10:SEGGER_RTT_ReadUpBufferNoLock	32	static
D:/RM/new_frame/Middlewares/Third_Party/SEGGER/RTT/SEGGER_RTT.c:663:10:SEGGER_RTT_ReadNoLock	32	static
D:/RM/new_frame/Middlewares/Third_Party/SEGGER/RTT/SEGGER_RTT.c:760:10:SEGGER_RTT_ReadUpBuffer	8	static,ignoring_inline_asm
D:/RM/new_frame/Middlewares/Third_Party/SEGGER/RTT/SEGGER_RTT.c:792:10:SEGGER_RTT_Read	8	static,ignoring_inline_asm
D:/RM/new_frame/Middlewares/Third_Party/SEGGER/RTT/SEGGER_RTT.c:831:6:SEGGER_RTT_WriteWithOverwriteNoLock	32	static,ignoring_inline_asm
D:/RM/new_frame/Middlewares/Third_Party/SEGGER/RTT/SEGGER_RTT.c:1022:10:SEGGER_RTT_WriteDownBufferNoLock	24	static
D:/RM/new_frame/Middlewares/Third_Party/SEGGER/RTT/SEGGER_RTT.c:1097:10:SEGGER_RTT_WriteNoLock	24	static
D:/RM/new_frame/Middlewares/Third_Party/SEGGER/RTT/SEGGER_RTT.c:1173:10:SEGGER_RTT_WriteDownBuffer	24	static,ignoring_inline_asm
D:/RM/new_frame/Middlewares/Third_Party/SEGGER/RTT/SEGGER_RTT.c:1202:10:SEGGER_RTT_Write	24	static,ignoring_inline_asm
D:/RM/new_frame/Middlewares/Third_Party/SEGGER/RTT/SEGGER_RTT.c:1232:10:SEGGER_RTT_WriteString	16	static
D:/RM/new_frame/Middlewares/Third_Party/SEGGER/RTT/SEGGER_RTT.c:1262:10:SEGGER_RTT_PutCharSkipNoLock	8	static,ignoring_inline_asm
D:/RM/new_frame/Middlewares/Third_Party/SEGGER/RTT/SEGGER_RTT.c:1312:10:SEGGER_RTT_PutCharSkip	16	static,ignoring_inline_asm
D:/RM/new_frame/Middlewares/Third_Party/SEGGER/RTT/SEGGER_RTT.c:1371:10:SEGGER_RTT_PutChar	16	static,ignoring_inline_asm
D:/RM/new_frame/Middlewares/Third_Party/SEGGER/RTT/SEGGER_RTT.c:1434:5:SEGGER_RTT_GetKey	16	static
D:/RM/new_frame/Middlewares/Third_Party/SEGGER/RTT/SEGGER_RTT.c:1462:5:SEGGER_RTT_WaitKey	8	static
D:/RM/new_frame/Middlewares/Third_Party/SEGGER/RTT/SEGGER_RTT.c:1485:5:SEGGER_RTT_HasKey	8	static
D:/RM/new_frame/Middlewares/Third_Party/SEGGER/RTT/SEGGER_RTT.c:1513:10:SEGGER_RTT_HasData	0	static
D:/RM/new_frame/Middlewares/Third_Party/SEGGER/RTT/SEGGER_RTT.c:1534:10:SEGGER_RTT_HasDataUp	0	static
D:/RM/new_frame/Middlewares/Third_Party/SEGGER/RTT/SEGGER_RTT.c:1562:5:SEGGER_RTT_AllocDownBuffer	24	static,ignoring_inline_asm
D:/RM/new_frame/Middlewares/Third_Party/SEGGER/RTT/SEGGER_RTT.c:1610:5:SEGGER_RTT_AllocUpBuffer	24	static,ignoring_inline_asm
D:/RM/new_frame/Middlewares/Third_Party/SEGGER/RTT/SEGGER_RTT.c:1664:5:SEGGER_RTT_ConfigUpBuffer	24	static,ignoring_inline_asm
D:/RM/new_frame/Middlewares/Third_Party/SEGGER/RTT/SEGGER_RTT.c:1715:5:SEGGER_RTT_ConfigDownBuffer	24	static,ignoring_inline_asm
D:/RM/new_frame/Middlewares/Third_Party/SEGGER/RTT/SEGGER_RTT.c:1758:5:SEGGER_RTT_SetNameUpBuffer	16	static,ignoring_inline_asm
D:/RM/new_frame/Middlewares/Third_Party/SEGGER/RTT/SEGGER_RTT.c:1793:5:SEGGER_RTT_SetNameDownBuffer	16	static,ignoring_inline_asm
D:/RM/new_frame/Middlewares/Third_Party/SEGGER/RTT/SEGGER_RTT.c:1828:5:SEGGER_RTT_SetFlagsUpBuffer	16	static,ignoring_inline_asm
D:/RM/new_frame/Middlewares/Third_Party/SEGGER/RTT/SEGGER_RTT.c:1863:5:SEGGER_RTT_SetFlagsDownBuffer	16	static,ignoring_inline_asm
D:/RM/new_frame/Middlewares/Third_Party/SEGGER/RTT/SEGGER_RTT.c:1891:6:SEGGER_RTT_Init	8	static
D:/RM/new_frame/Middlewares/Third_Party/SEGGER/RTT/SEGGER_RTT.c:1912:5:SEGGER_RTT_SetTerminal	24	static,ignoring_inline_asm
D:/RM/new_frame/Middlewares/Third_Party/SEGGER/RTT/SEGGER_RTT.c:1961:5:SEGGER_RTT_TerminalOut	32	static,ignoring_inline_asm
D:/RM/new_frame/Middlewares/Third_Party/SEGGER/RTT/SEGGER_RTT.c:2049:10:SEGGER_RTT_GetAvailWriteSpace	8	static
D:/RM/new_frame/Middlewares/Third_Party/SEGGER/RTT/SEGGER_RTT.c:2070:10:SEGGER_RTT_GetBytesInBuffer	0	static
