D:/RM/new_frame/Middlewares/Third_Party/SEGGER/RTT/SEGGER_RTT_printf.c:112:13:_StoreChar	8	static
D:/RM/new_frame/Middlewares/Third_Party/SEGGER/RTT/SEGGER_RTT_printf.c:137:13:_PrintUnsigned	40	static
D:/RM/new_frame/Middlewares/Third_Party/SEGGER/RTT/SEGGER_RTT_printf.c:227:13:_PrintInt	40	static
D:/RM/new_frame/Middlewares/Third_Party/SEGGER/RTT/SEGGER_RTT_printf.c:322:5:SEGGER_RTT_vprintf	120	static
D:/RM/new_frame/Middlewares/Third_Party/SEGGER/RTT/SEGGER_RTT_printf.c:496:5:SEGGER_RTT_printf	12	static
