D:/RM/bubing/new_frame/modules/BMI088/bmi088.c:193:13:BMI088AccSPIFinishCallback	0	static
D:/RM/bubing/new_frame/modules/BMI088/bmi088.c:202:13:BMI088GyroSPIFinishCallback	0	static
D:/RM/bubing/new_frame/modules/BMI088/bmi088.c:38:13:BMI088GyroRead	16	static
D:/RM/bubing/new_frame/modules/BMI088/bmi088.c:223:13:BMI088GyroINTCallback	8	static
D:/RM/bubing/new_frame/modules/BMI088/bmi088.c:17:13:BMI088AccelRead	16	static
D:/RM/bubing/new_frame/modules/BMI088/bmi088.c:209:13:BMI088AccINTCallback	8	static
D:/RM/bubing/new_frame/modules/BMI088/bmi088.c:60:13:BMI088AccelWriteSingleReg	16	static
D:/RM/bubing/new_frame/modules/BMI088/bmi088.c:111:16:BMI088AccelInit	40	static
D:/RM/bubing/new_frame/modules/BMI088/bmi088.c:74:13:BMI088GyroWriteSingleReg	16	static
D:/RM/bubing/new_frame/modules/BMI088/bmi088.c:152:16:BMI088GyroInit	40	static
D:/RM/bubing/new_frame/modules/BMI088/bmi088.c:252:9:BMI088Acquire	16	static
D:/RM/bubing/new_frame/modules/BMI088/bmi088.c:313:6:BMI088CalibrateIMU	104	static
D:/RM/bubing/new_frame/modules/BMI088/bmi088.c:414:17:BMI088Register	16	static
