D:/RM/bubing/new_frame/modules/referee/referee_task.c:29:13:DeterminRobotID	0	static
D:/RM/bubing/new_frame/modules/referee/referee_task.c:122:13:RobotModeTest	0	static
D:/RM/bubing/new_frame/modules/referee/referee_task.c:262:13:UIChangeCheck	0	static
D:/RM/bubing/new_frame/modules/referee/referee_task.c:176:13:MyUIRefresh	72	static
D:/RM/bubing/new_frame/modules/referee/referee_task.c:42:17:UITaskInit	8	static
D:/RM/bubing/new_frame/modules/referee/referee_task.c:50:6:UITask	8	static
D:/RM/bubing/new_frame/modules/referee/referee_task.c:62:6:MyUIInit	112	static
